// Jest Snapshot v1, https://goo.gl/fbAQLP

exports[`component renders 1`] = `
<DocumentFragment>
  <div
    class="App"
  >
    <div
      class="date"
      data-testid="date-id"
    >
      Mon 30th Apr
    </div>
    <div
      class="temperature"
      data-testid="temperature-id"
    >
      11Â°c
    </div>
    <div
      class="description"
      data-testid="description-id"
    >
      Clear
    </div>
  </div>
</DocumentFragment>
`;
